[debug] [2026-08-02T10:02:45.374Z] ----------------------------------------------------------------------
[debug] [2026-08-02T10:02:45.377Z] Command:       C:\Program Files\nodejs\node.exe C:\Users\10\AppData\Roaming\npm\node_modules\firebase-tools\lib\bin\firebase.js deploy
[debug] [2026-08-02T10:02:45.378Z] CLI Version:   15.22.4
[debug] [2026-08-02T10:02:45.378Z] Platform:      win32
[debug] [2026-08-02T10:02:45.378Z] Node Version:  v24.12.0
[debug] [2026-08-02T10:02:45.378Z] Detected Agent: unknown
[debug] [2026-08-02T10:02:45.378Z] Time:          Sun Aug 02 2026 13:02:45 GMT+0300 (Eastern European Summer Time)
[debug] [2026-08-02T10:02:45.379Z] ----------------------------------------------------------------------
[debug] 
[debug] [2026-08-02T10:02:48.331Z] > command requires scopes: ["email","openid","https://www.googleapis.com/auth/cloudplatformprojects.readonly","https://www.googleapis.com/auth/firebase","https://www.googleapis.com/auth/cloud-platform"]
[debug] [2026-08-02T10:02:48.332Z] > authorizing via signed-in user (tarmo.90h@gmail.com)
[debug] [2026-08-02T10:02:48.332Z] [iam] checking project nutifix-new for permissions ["firebase.projects.get","firebasehosting.sites.update"]
[debug] [2026-08-02T10:02:48.334Z] Checked if tokens are valid: false, expires at: 1785665671234
[debug] [2026-08-02T10:02:48.334Z] Checked if tokens are valid: false, expires at: 1785665671234
[debug] [2026-08-02T10:02:48.334Z] > refreshing access token with scopes: []
[debug] [2026-08-02T10:02:48.336Z] >>> [apiv2][query] POST https://www.googleapis.com/oauth2/v3/token [none]
[debug] [2026-08-02T10:02:48.336Z] >>> [apiv2][body] POST https://www.googleapis.com/oauth2/v3/token [omitted]
[debug] [2026-08-02T10:02:48.460Z] <<< [apiv2][status] POST https://www.googleapis.com/oauth2/v3/token 200
[debug] [2026-08-02T10:02:48.460Z] <<< [apiv2][body] POST https://www.googleapis.com/oauth2/v3/token [omitted]
[debug] [2026-08-02T10:02:48.472Z] >>> [apiv2][query] POST https://cloudresourcemanager.googleapis.com/v1/projects/nutifix-new:testIamPermissions [none]
[debug] [2026-08-02T10:02:48.472Z] >>> [apiv2][(partial)header] POST https://cloudresourcemanager.googleapis.com/v1/projects/nutifix-new:testIamPermissions  x-goog-user-project=nutifix-new
[debug] [2026-08-02T10:02:48.472Z] >>> [apiv2][body] POST https://cloudresourcemanager.googleapis.com/v1/projects/nutifix-new:testIamPermissions {"permissions":["firebase.projects.get","firebasehosting.sites.update"]}
[debug] [2026-08-02T10:02:49.316Z] <<< [apiv2][status] POST https://cloudresourcemanager.googleapis.com/v1/projects/nutifix-new:testIamPermissions 200
[debug] [2026-08-02T10:02:49.316Z] <<< [apiv2][body] POST https://cloudresourcemanager.googleapis.com/v1/projects/nutifix-new:testIamPermissions {"permissions":["firebase.projects.get","firebasehosting.sites.update"]}
[debug] [2026-08-02T10:02:49.318Z] Checked if tokens are valid: true, expires at: 1785668567461
[debug] [2026-08-02T10:02:49.318Z] Checked if tokens are valid: true, expires at: 1785668567461
[debug] [2026-08-02T10:02:49.319Z] >>> [apiv2][query] GET https://firebase.googleapis.com/v1beta1/projects/nutifix-new [none]
[debug] [2026-08-02T10:02:49.697Z] <<< [apiv2][status] GET https://firebase.googleapis.com/v1beta1/projects/nutifix-new 200
[debug] [2026-08-02T10:02:49.697Z] <<< [apiv2][body] GET https://firebase.googleapis.com/v1beta1/projects/nutifix-new {"projectId":"nutifix-new","projectNumber":"65113397733","displayName":"nutifix-new","name":"projects/nutifix-new","resources":{"hostingSite":"nutifix-new"},"state":"ACTIVE","labels":{"firebase":"enabled"},"etag":"1_9ab8c415-cc82-4811-a5e5-ab78e9fb8ad1"}
[info] 
[info] === Deploying to 'nutifix-new'...
[info] 
[info] i  deploying hosting 
[debug] [2026-08-02T10:02:49.706Z] Checked if tokens are valid: true, expires at: 1785668567461
[debug] [2026-08-02T10:02:49.707Z] Checked if tokens are valid: true, expires at: 1785668567461
[debug] [2026-08-02T10:02:49.707Z] >>> [apiv2][query] GET https://firebasehosting.googleapis.com/v1beta1/projects/nutifix-new/sites/nutifix-new [none]
[debug] [2026-08-02T10:02:50.846Z] <<< [apiv2][status] GET https://firebasehosting.googleapis.com/v1beta1/projects/nutifix-new/sites/nutifix-new 200
[debug] [2026-08-02T10:02:50.846Z] <<< [apiv2][body] GET https://firebasehosting.googleapis.com/v1beta1/projects/nutifix-new/sites/nutifix-new {"name":"projects/nutifix-new/sites/nutifix-new","defaultUrl":"https://nutifix-new.web.app","type":"DEFAULT_SITE"}
[debug] [2026-08-02T10:02:50.856Z] Checked if tokens are valid: true, expires at: 1785668567461
[debug] [2026-08-02T10:02:50.856Z] Checked if tokens are valid: true, expires at: 1785668567461
[debug] [2026-08-02T10:02:50.856Z] >>> [apiv2][query] POST https://firebasehosting.googleapis.com/v1beta1/projects/-/sites/nutifix-new/versions [none]
[debug] [2026-08-02T10:02:50.857Z] >>> [apiv2][body] POST https://firebasehosting.googleapis.com/v1beta1/projects/-/sites/nutifix-new/versions {"status":"CREATED","labels":{"deployment-tool":"cli-firebase"}}
[debug] [2026-08-02T10:02:52.677Z] <<< [apiv2][status] POST https://firebasehosting.googleapis.com/v1beta1/projects/-/sites/nutifix-new/versions 200
[debug] [2026-08-02T10:02:52.677Z] <<< [apiv2][body] POST https://firebasehosting.googleapis.com/v1beta1/projects/-/sites/nutifix-new/versions {"name":"projects/65113397733/sites/nutifix-new/versions/a8903d48062705ba","status":"CREATED","config":{},"labels":{"deployment-tool":"cli-firebase"}}
[info] i  hosting[nutifix-new]: beginning deploy... 
[info] i  hosting[nutifix-new]: found 13 files in build 
[debug] [2026-08-02T10:02:52.703Z] [hosting] uploading with 200 concurrency
[debug] [2026-08-02T10:02:52.815Z] Checked if tokens are valid: true, expires at: 1785668567461
[debug] [2026-08-02T10:02:52.816Z] Checked if tokens are valid: true, expires at: 1785668567461
[debug] [2026-08-02T10:02:52.817Z] [hosting] hash cache [YnVpbGQ] stored for 13 files
[debug] [2026-08-02T10:02:52.818Z] [hosting][hash queue][FINAL] {"max":107,"min":2,"avg":12.692307692307692,"active":0,"complete":13,"success":13,"errored":0,"retried":0,"total":13,"elapsed":112}
[debug] [2026-08-02T10:02:52.818Z] >>> [apiv2][query] POST https://firebasehosting.googleapis.com/v1beta1/projects/65113397733/sites/nutifix-new/versions/a8903d48062705ba:populateFiles [none]
[debug] [2026-08-02T10:02:52.818Z] >>> [apiv2][body] POST https://firebasehosting.googleapis.com/v1beta1/projects/65113397733/sites/nutifix-new/versions/a8903d48062705ba:populateFiles {"files":{"/sitemap.xml":"0bb519a6913680e7f894d1f415ea961e00d1d2ae2ac225f1fe68574245f99c7f","/robots.txt":"dbc9bf7e4b1c27307d8021e1fe3e4929b76b7be1fc505c170ec8655e23d1100a","/manifest.json":"6df01818e47d2b2bb65847f8bf4c2dca550fe1151a9bc2652f382115b30fb93b","/logo.png":"8f479e1d346a43b78440a17b516aaec7b6c9ee586ccfac5dfbaebbfdad58cb08","/favicon.png":"5fcc8f70150132cb0f03b5bf411a0a771da4c846146af4f2820aa3f4eef88649","/favicon.ico":"a9268343c4bb707e545ec8bcc89eba02abc6e9a16e0644b6f50acb54373c5b48","/asset-manifest.json":"0975dd94e3d689a62dda76da4f1e3273229108f33004ce6a08d3fb7c5749da4f","/index.html":"4c7356f471940af08cc6000ac74aa150ea0217e551153f0a74c3d900b79d39c1","/static/js/main.a318c02b.js.LICENSE.txt":"b66096bc0aff35730d07b1276c55f0fb447bf3b2fb7350efa7660b2a5145f6f1","/static/css/main.369b6f32.css":"95dbb04a8a5cfe53a3f8e2f8a7da195ecfa20ce59caee3145c9535fdd701878d","/static/css/main.369b6f32.css.map":"46f2fe04fd978d6df6ab5e879269469e8b406a58db1301261ac21bae9d5729bb","/static/js/main.a318c02b.js":"4cec8f014d5471910c933acafea24dee4deb2a96a5f18bef97ac25e8a8dbf307","/static/js/main.a318c02b.js.map":"0462deece39658714b2aa6b17b6d4bbf2a77040aac241749c1c43eb8d11a48a5"}}
[debug] [2026-08-02T10:02:55.557Z] <<< [apiv2][status] POST https://firebasehosting.googleapis.com/v1beta1/projects/65113397733/sites/nutifix-new/versions/a8903d48062705ba:populateFiles 200
[debug] [2026-08-02T10:02:55.557Z] <<< [apiv2][body] POST https://firebasehosting.googleapis.com/v1beta1/projects/65113397733/sites/nutifix-new/versions/a8903d48062705ba:populateFiles {"uploadRequiredHashes":["4cec8f014d5471910c933acafea24dee4deb2a96a5f18bef97ac25e8a8dbf307","0462deece39658714b2aa6b17b6d4bbf2a77040aac241749c1c43eb8d11a48a5","46f2fe04fd978d6df6ab5e879269469e8b406a58db1301261ac21bae9d5729bb","4c7356f471940af08cc6000ac74aa150ea0217e551153f0a74c3d900b79d39c1","0975dd94e3d689a62dda76da4f1e3273229108f33004ce6a08d3fb7c5749da4f","95dbb04a8a5cfe53a3f8e2f8a7da195ecfa20ce59caee3145c9535fdd701878d"],"uploadUrl":"https://upload-firebasehosting.googleapis.com/upload/sites/nutifix-new/versions/a8903d48062705ba/files"}
[debug] [2026-08-02T10:02:55.558Z] Checked if tokens are valid: true, expires at: 1785668567461
[debug] [2026-08-02T10:02:55.558Z] Checked if tokens are valid: true, expires at: 1785668567461
[debug] [2026-08-02T10:02:55.558Z] Checked if tokens are valid: true, expires at: 1785668567461
[debug] [2026-08-02T10:02:55.558Z] Checked if tokens are valid: true, expires at: 1785668567461
[debug] [2026-08-02T10:02:55.559Z] Checked if tokens are valid: true, expires at: 1785668567461
[debug] [2026-08-02T10:02:55.559Z] Checked if tokens are valid: true, expires at: 1785668567461
[debug] [2026-08-02T10:02:55.559Z] Checked if tokens are valid: true, expires at: 1785668567461
[debug] [2026-08-02T10:02:55.559Z] Checked if tokens are valid: true, expires at: 1785668567461
[debug] [2026-08-02T10:02:55.559Z] Checked if tokens are valid: true, expires at: 1785668567461
[debug] [2026-08-02T10:02:55.559Z] Checked if tokens are valid: true, expires at: 1785668567461
[debug] [2026-08-02T10:02:55.559Z] Checked if tokens are valid: true, expires at: 1785668567461
[debug] [2026-08-02T10:02:55.559Z] Checked if tokens are valid: true, expires at: 1785668567461
[debug] [2026-08-02T10:02:55.559Z] >>> [apiv2][query] POST https://upload-firebasehosting.googleapis.com/upload/sites/nutifix-new/versions/a8903d48062705ba/files/4cec8f014d5471910c933acafea24dee4deb2a96a5f18bef97ac25e8a8dbf307 [none]
[debug] [2026-08-02T10:02:55.559Z] >>> [apiv2][body] POST https://upload-firebasehosting.googleapis.com/upload/sites/nutifix-new/versions/a8903d48062705ba/files/4cec8f014d5471910c933acafea24dee4deb2a96a5f18bef97ac25e8a8dbf307 [stream]
[debug] [2026-08-02T10:02:55.561Z] >>> [apiv2][query] POST https://upload-firebasehosting.googleapis.com/upload/sites/nutifix-new/versions/a8903d48062705ba/files/0462deece39658714b2aa6b17b6d4bbf2a77040aac241749c1c43eb8d11a48a5 [none]
[debug] [2026-08-02T10:02:55.561Z] >>> [apiv2][body] POST https://upload-firebasehosting.googleapis.com/upload/sites/nutifix-new/versions/a8903d48062705ba/files/0462deece39658714b2aa6b17b6d4bbf2a77040aac241749c1c43eb8d11a48a5 [stream]
[debug] [2026-08-02T10:02:55.562Z] >>> [apiv2][query] POST https://upload-firebasehosting.googleapis.com/upload/sites/nutifix-new/versions/a8903d48062705ba/files/46f2fe04fd978d6df6ab5e879269469e8b406a58db1301261ac21bae9d5729bb [none]
[debug] [2026-08-02T10:02:55.562Z] >>> [apiv2][body] POST https://upload-firebasehosting.googleapis.com/upload/sites/nutifix-new/versions/a8903d48062705ba/files/46f2fe04fd978d6df6ab5e879269469e8b406a58db1301261ac21bae9d5729bb [stream]
[debug] [2026-08-02T10:02:55.563Z] >>> [apiv2][query] POST https://upload-firebasehosting.googleapis.com/upload/sites/nutifix-new/versions/a8903d48062705ba/files/4c7356f471940af08cc6000ac74aa150ea0217e551153f0a74c3d900b79d39c1 [none]
[debug] [2026-08-02T10:02:55.563Z] >>> [apiv2][body] POST https://upload-firebasehosting.googleapis.com/upload/sites/nutifix-new/versions/a8903d48062705ba/files/4c7356f471940af08cc6000ac74aa150ea0217e551153f0a74c3d900b79d39c1 [stream]
[debug] [2026-08-02T10:02:55.564Z] >>> [apiv2][query] POST https://upload-firebasehosting.googleapis.com/upload/sites/nutifix-new/versions/a8903d48062705ba/files/0975dd94e3d689a62dda76da4f1e3273229108f33004ce6a08d3fb7c5749da4f [none]
[debug] [2026-08-02T10:02:55.564Z] >>> [apiv2][body] POST https://upload-firebasehosting.googleapis.com/upload/sites/nutifix-new/versions/a8903d48062705ba/files/0975dd94e3d689a62dda76da4f1e3273229108f33004ce6a08d3fb7c5749da4f [stream]
[debug] [2026-08-02T10:02:55.565Z] >>> [apiv2][query] POST https://upload-firebasehosting.googleapis.com/upload/sites/nutifix-new/versions/a8903d48062705ba/files/95dbb04a8a5cfe53a3f8e2f8a7da195ecfa20ce59caee3145c9535fdd701878d [none]
[debug] [2026-08-02T10:02:55.565Z] >>> [apiv2][body] POST https://upload-firebasehosting.googleapis.com/upload/sites/nutifix-new/versions/a8903d48062705ba/files/95dbb04a8a5cfe53a3f8e2f8a7da195ecfa20ce59caee3145c9535fdd701878d [stream]
[debug] [2026-08-02T10:02:55.566Z] [hosting][populate queue][FINAL] {"max":2744,"min":2744,"avg":2744,"active":0,"complete":1,"success":1,"errored":0,"retried":0,"total":1,"elapsed":2751}
[debug] [2026-08-02T10:02:55.566Z] [hosting] uploads queued: 6
[debug] [2026-08-02T10:02:56.621Z] <<< [apiv2][status] POST https://upload-firebasehosting.googleapis.com/upload/sites/nutifix-new/versions/a8903d48062705ba/files/0975dd94e3d689a62dda76da4f1e3273229108f33004ce6a08d3fb7c5749da4f 200
[debug] [2026-08-02T10:02:56.621Z] <<< [apiv2][body] POST https://upload-firebasehosting.googleapis.com/upload/sites/nutifix-new/versions/a8903d48062705ba/files/0975dd94e3d689a62dda76da4f1e3273229108f33004ce6a08d3fb7c5749da4f [stream]
[debug] [2026-08-02T10:02:56.660Z] <<< [apiv2][status] POST https://upload-firebasehosting.googleapis.com/upload/sites/nutifix-new/versions/a8903d48062705ba/files/95dbb04a8a5cfe53a3f8e2f8a7da195ecfa20ce59caee3145c9535fdd701878d 200
[debug] [2026-08-02T10:02:56.660Z] <<< [apiv2][body] POST https://upload-firebasehosting.googleapis.com/upload/sites/nutifix-new/versions/a8903d48062705ba/files/95dbb04a8a5cfe53a3f8e2f8a7da195ecfa20ce59caee3145c9535fdd701878d [stream]
[debug] [2026-08-02T10:02:56.773Z] <<< [apiv2][status] POST https://upload-firebasehosting.googleapis.com/upload/sites/nutifix-new/versions/a8903d48062705ba/files/4c7356f471940af08cc6000ac74aa150ea0217e551153f0a74c3d900b79d39c1 200
[debug] [2026-08-02T10:02:56.773Z] <<< [apiv2][body] POST https://upload-firebasehosting.googleapis.com/upload/sites/nutifix-new/versions/a8903d48062705ba/files/4c7356f471940af08cc6000ac74aa150ea0217e551153f0a74c3d900b79d39c1 [stream]
[debug] [2026-08-02T10:02:56.965Z] <<< [apiv2][status] POST https://upload-firebasehosting.googleapis.com/upload/sites/nutifix-new/versions/a8903d48062705ba/files/4cec8f014d5471910c933acafea24dee4deb2a96a5f18bef97ac25e8a8dbf307 200
[debug] [2026-08-02T10:02:56.965Z] <<< [apiv2][body] POST https://upload-firebasehosting.googleapis.com/upload/sites/nutifix-new/versions/a8903d48062705ba/files/4cec8f014d5471910c933acafea24dee4deb2a96a5f18bef97ac25e8a8dbf307 [stream]
[debug] [2026-08-02T10:02:56.970Z] <<< [apiv2][status] POST https://upload-firebasehosting.googleapis.com/upload/sites/nutifix-new/versions/a8903d48062705ba/files/0462deece39658714b2aa6b17b6d4bbf2a77040aac241749c1c43eb8d11a48a5 200
[debug] [2026-08-02T10:02:56.970Z] <<< [apiv2][body] POST https://upload-firebasehosting.googleapis.com/upload/sites/nutifix-new/versions/a8903d48062705ba/files/0462deece39658714b2aa6b17b6d4bbf2a77040aac241749c1c43eb8d11a48a5 [stream]
[debug] [2026-08-02T10:02:57.082Z] <<< [apiv2][status] POST https://upload-firebasehosting.googleapis.com/upload/sites/nutifix-new/versions/a8903d48062705ba/files/46f2fe04fd978d6df6ab5e879269469e8b406a58db1301261ac21bae9d5729bb 200
[debug] [2026-08-02T10:02:57.082Z] <<< [apiv2][body] POST https://upload-firebasehosting.googleapis.com/upload/sites/nutifix-new/versions/a8903d48062705ba/files/46f2fe04fd978d6df6ab5e879269469e8b406a58db1301261ac21bae9d5729bb [stream]
[debug] [2026-08-02T10:02:57.082Z] [hosting][upload queue][FINAL] {"max":1524,"min":1063,"avg":1287,"active":0,"complete":6,"success":6,"errored":0,"retried":0,"total":6,"elapsed":1524}
[info] +  hosting[nutifix-new]: file upload complete 
[debug] [2026-08-02T10:02:57.083Z] [hosting] deploy completed after 4401ms
[debug] [2026-08-02T10:02:57.083Z] [
  {
    "config": {
      "public": "build",
      "ignore": [
        "firebase.json",
        "**/.*",
        "**/node_modules/**"
      ],
      "rewrites": [
        {
          "source": "**",
          "destination": "/index.html"
        }
      ],
      "site": "nutifix-new"
    },
    "version": "projects/65113397733/sites/nutifix-new/versions/a8903d48062705ba"
  }
]
[info] i  hosting[nutifix-new]: finalizing version... 
[debug] [2026-08-02T10:02:57.085Z] Checked if tokens are valid: true, expires at: 1785668567461
[debug] [2026-08-02T10:02:57.085Z] Checked if tokens are valid: true, expires at: 1785668567461
[debug] [2026-08-02T10:02:57.085Z] >>> [apiv2][query] PATCH https://firebasehosting.googleapis.com/v1beta1/projects/-/sites/nutifix-new/versions/a8903d48062705ba updateMask=status%2Cconfig
[debug] [2026-08-02T10:02:57.085Z] >>> [apiv2][body] PATCH https://firebasehosting.googleapis.com/v1beta1/projects/-/sites/nutifix-new/versions/a8903d48062705ba {"status":"FINALIZED","config":{"rewrites":[{"glob":"**","path":"/index.html"}]}}
[debug] [2026-08-02T10:02:58.492Z] <<< [apiv2][status] PATCH https://firebasehosting.googleapis.com/v1beta1/projects/-/sites/nutifix-new/versions/a8903d48062705ba 200
[debug] [2026-08-02T10:02:58.492Z] <<< [apiv2][body] PATCH https://firebasehosting.googleapis.com/v1beta1/projects/-/sites/nutifix-new/versions/a8903d48062705ba {"name":"projects/65113397733/sites/nutifix-new/versions/a8903d48062705ba","status":"FINALIZED","config":{"rewrites":[{"glob":"**","path":"/index.html"}]},"labels":{"deployment-tool":"cli-firebase"},"createTime":"2026-08-02T10:02:50.581923Z","createUser":{"email":"tarmo.90h@gmail.com"},"finalizeTime":"2026-08-02T10:02:57.564958Z","finalizeUser":{"email":"tarmo.90h@gmail.com"}}
[debug] [2026-08-02T10:02:58.492Z] [hosting] finalized version for nutifix-new:[object Object]
[info] +  hosting[nutifix-new]: version finalized 
[info] i  hosting[nutifix-new]: releasing new version... 
[debug] [2026-08-02T10:02:58.493Z] Checked if tokens are valid: true, expires at: 1785668567461
[debug] [2026-08-02T10:02:58.493Z] Checked if tokens are valid: true, expires at: 1785668567461
[debug] [2026-08-02T10:02:58.493Z] >>> [apiv2][query] POST https://firebasehosting.googleapis.com/v1beta1/projects/-/sites/nutifix-new/channels/live/releases versionName=projects%2F65113397733%2Fsites%2Fnutifix-new%2Fversions%2Fa8903d48062705ba
[debug] [2026-08-02T10:02:58.493Z] >>> [apiv2][body] POST https://firebasehosting.googleapis.com/v1beta1/projects/-/sites/nutifix-new/channels/live/releases {}
